// Jest Snapshot v1, https://goo.gl/fbAQLP

exports[`Comments Rendering renders according to design 1`] = `
<table
  className="sc-gqjmRU aNPGS"
>
  <tbody
    className="sc-VigVT bXmzsK sc-ifAKCX bmKgXx"
  >
    <tr
      className="sc-EHOje kSzTaY"
    >
      <td>
        <table
          className="sc-dnqmqq kcpEyb"
        >
          <tbody
            className="sc-ifAKCX bmKgXx"
          >
            <tr
              className="sc-EHOje kSzTaY"
            >
              <td
                className="sc-gZMcBi lnUsYu sc-bZQynM fqVoXA"
              />
              <td
                className="sc-iwsKbI fCuVEp sc-bZQynM fqVoXA"
              >
                <center>
                  <a
                    className="sc-bwzfXH cQPqep"
                    href="https://news.ycombinator.com/vote?id=18014283&how=up&goto=news"
                  >
                    <div
                      className="sc-htoDjs fEBFom"
                    />
                  </a>
                </center>
              </td>
              <td
                className="sc-iwsKbI fCuVEp sc-bZQynM fqVoXA"
              >
                <a
                  className="sc-gzVnrw dxVyyl sc-bwzfXH cQPqep"
                  href="https://news.ycombinator.com/user?id=kizer"
                >
                  kizer
                </a>
                 0 minutess ago 
                [ 
                <a
                  className="sc-gzVnrw dxVyyl sc-bwzfXH cQPqep"
                  href="#"
                >
                  -
                </a>
                 ]
                <div
                  className="sc-bdVaJa cAiwFk"
                  dangerouslySetInnerHTML={
                    Object {
                      "__html": Object {
                        "text": "I wonder why we&#x27;re still programming primarily in text - we ought to see more visual editors that operate on top of a source file, where changes to file sync immediately to editor, and vice-versa.<p>Also, that&#x27;s the sexiest README I&#x27;ve ever seen.",
                      },
                    }
                  }
                />
                <div
                  className="sc-htpNat dxtlPY"
                >
                  <a
                    className="sc-bxivhb gcqdII sc-bwzfXH cQPqep"
                    href="#"
                  >
                    reply
                  </a>
                </div>
              </td>
            </tr>
          </tbody>
        </table>
      </td>
    </tr>
    <tr
      className="sc-EHOje kSzTaY"
    >
      <td>
        <table
          className="sc-dnqmqq kcpEyb"
        >
          <tbody
            className="sc-ifAKCX bmKgXx"
          >
            <tr
              className="sc-EHOje kSzTaY"
            >
              <td
                className="sc-gZMcBi lnUsYu sc-bZQynM fqVoXA"
              />
              <td
                className="sc-iwsKbI fCuVEp sc-bZQynM fqVoXA"
              >
                <center>
                  <a
                    className="sc-bwzfXH cQPqep"
                    href="https://news.ycombinator.com/vote?id=18014283&how=up&goto=news"
                  >
                    <div
                      className="sc-htoDjs fEBFom"
                    />
                  </a>
                </center>
              </td>
              <td
                className="sc-iwsKbI fCuVEp sc-bZQynM fqVoXA"
              >
                <a
                  className="sc-gzVnrw dxVyyl sc-bwzfXH cQPqep"
                  href="https://news.ycombinator.com/user?id=wongarsu"
                >
                  wongarsu
                </a>
                 0 minutess ago 
                [ 
                <a
                  className="sc-gzVnrw dxVyyl sc-bwzfXH cQPqep"
                  href="#"
                >
                  -
                </a>
                 ]
                <div
                  className="sc-bdVaJa cAiwFk"
                  dangerouslySetInnerHTML={
                    Object {
                      "__html": Object {
                        "text": "The interface looks really slick, but isn&#x27;t intuitive at all. I constantly have to refer back to the video to find out how to do anything.<p>You build the graph from right to left (unusual but ok), but if you try to actually draw your lines from right to left they don&#x27;t connect, you have to draw them left to right.<p>To rename something you click the element and type the name. Fairly straightforward, except that the interface gives no indication that this is possible. No blinking text cursor or anything of the sort.<p>The &quot;arguments&quot; category actually has nothing to do with arguments, it&#x27;s just &quot;use stuff you named previously&quot;. Why is that not something that&#x27;s connected on the graph?<p>Oh, right, that&#x27;s because of the way queries&#x2F;mutations work. The name of the query is combined from the name of the query node and the name of the output node. But instead of a query having two connectors, one for input and one for output, it just has everything at a depth of one as outputs, and the child nodes of the output are the inputs (actually, that&#x27;s how types and everything else works too). I certainly wouldn&#x27;t have guessed that.<p>Compare Blender&#x27;s node editor: <a href=\\"https:&#x2F;&#x2F;code.blender.org&#x2F;wp-content&#x2F;uploads&#x2F;2012&#x2F;01&#x2F;node_group_interface18.png\\" rel=\\"nofollow\\">https:&#x2F;&#x2F;code.blender.org&#x2F;wp-content&#x2F;uploads&#x2F;2012&#x2F;01&#x2F;node_gro...</a><p>Anyone can look at a screenshot of Blender&#x27;s editor and knows what&#x27;s going on: labeled connectors, no magic with different layers, etc. Creating them is also straightforward. In comparison, if you show a graph from this tool to a random developer that works with GraphQL he&#x2F;she likely won&#x27;t understand what schema the graph is supposed to represent.",
                      },
                    }
                  }
                />
                <div
                  className="sc-htpNat dxtlPY"
                >
                  <a
                    className="sc-bxivhb gcqdII sc-bwzfXH cQPqep"
                    href="#"
                  >
                    reply
                  </a>
                </div>
                <tr
                  className="sc-EHOje kSzTaY"
                >
                  <td>
                    <table
                      className="sc-dnqmqq kcpEyb"
                    >
                      <tbody
                        className="sc-ifAKCX bmKgXx"
                      >
                        <tr
                          className="sc-EHOje kSzTaY"
                        >
                          <td
                            className="sc-gZMcBi lnUsYu sc-bZQynM fqVoXA"
                          />
                          <td
                            className="sc-iwsKbI fCuVEp sc-bZQynM fqVoXA"
                          >
                            <center>
                              <a
                                className="sc-bwzfXH cQPqep"
                                href="https://news.ycombinator.com/vote?id=18014283&how=up&goto=news"
                              >
                                <div
                                  className="sc-htoDjs fEBFom"
                                />
                              </a>
                            </center>
                          </td>
                          <td
                            className="sc-iwsKbI fCuVEp sc-bZQynM fqVoXA"
                          >
                            <a
                              className="sc-gzVnrw dxVyyl sc-bwzfXH cQPqep"
                              href="https://news.ycombinator.com/user?id=aexol"
                            >
                              aexol
                            </a>
                             0 minutess ago 
                            [ 
                            <a
                              className="sc-gzVnrw dxVyyl sc-bwzfXH cQPqep"
                              href="#"
                            >
                              -
                            </a>
                             ]
                            <div
                              className="sc-bdVaJa cAiwFk"
                              dangerouslySetInnerHTML={
                                Object {
                                  "__html": Object {
                                    "text": "Thanks for that feedback. This is really valuable for me. I will correct everything you described here. I am not an UX designer to, so maybe this is the reason of bad UX and UI.<p>- I will correct drawing the lines
- I will add a blinking cursor during renaming of the node
- I will correct the query node to have input and output<p>So definitely there is lot of work to do. Deadline for these 3 - Thursday.<p>I used to work for Visual Effects industry 7 years ago. I was a TD and python scripts programmer. That&#x27;s why you have spacebar menu ( similar to this in Maya - &quot;Hotbox&quot; ).<p>Your feedback is so constructive, THANK YOU Man.",
                                  },
                                }
                              }
                            />
                            <div
                              className="sc-htpNat dxtlPY"
                            >
                              <a
                                className="sc-bxivhb gcqdII sc-bwzfXH cQPqep"
                                href="#"
                              >
                                reply
                              </a>
                            </div>
                          </td>
                        </tr>
                      </tbody>
                    </table>
                  </td>
                </tr>
              </td>
            </tr>
          </tbody>
        </table>
      </td>
    </tr>
  </tbody>
</table>
`;
